// Jest Snapshot v1, https://goo.gl/fbAQLP

exports[`Header tests Create snapshot 1`] = `
<Row
  noGutters={false}
>
  <Col>
    <styled.header>
      <h1>
        PHOTO GALLERY
      </h1>
    </styled.header>
  </Col>
</Row>
`;
