// Jest Snapshot v1, https://goo.gl/fbAQLP

exports[`Loader tests Create snapshot 1`] = `
<styled.div>
  <styled.div />
</styled.div>
`;
